34 clips comunes, 30 aplicables (positivos)

| variante | fps ev. | muestreo | recall | prec. | F1 | FP neg |
|---|---|---|---|---|---|---|
| R1 (regular s7) | 4,29 | regular | 0,794 | 0,794 | **0,794** | 0/4 |
| j7 (jitter 08-05) | 4,23 | empírico CV 0,22 | 0,706 | 0,774 | **0,738** | 0/4 |
| s12 (regular 12) | 2,52 | regular | 0,735 | 0,781 | **0,758** | 0/4 |
| j12 (jitter rodaje) | 2,53 | empírico CV 0,36 | 0,765 | 0,812 | **0,788** | 0/4 |
| R2 subj (regular s7) | 4,29 | regular | 0,853 | 0,879 | **0,866** | 0/4 |
| j7 subj | 4,23 | empírico CV 0,22 | 0,794 | 0,871 | **0,831** | 0/4 |
| s12 subj | 2,52 | regular | 0,824 | 0,933 | **0,875** | 0/4 |
| j12 subj | 2,53 | empírico CV 0,36 | 0,794 | 0,871 | **0,831** | 0/4 |

### 1-2. Efecto del jitter (bootstrap pareado, 10k, semilla 101)

| contraste | ΔF1 obs | IC 95% | P(Δ<=0) |
|---|---|---|---|
| j7 − R1 (escena, hoy) | -0,056 | [-0,170, +0,046] (cruza el 0) | 0.855 |
| j7subj − R2 (sujeto, hoy) | -0,035 | [-0,134, +0,045] (cruza el 0) | 0.805 |
| j12 − s12 (escena, rodaje) | +0,030 | [-0,061, +0,110] (cruza el 0) | 0.253 |
| j12subj − s12subj (sujeto, rodaje) | -0,044 | [-0,162, +0,056] (cruza el 0) | 0.790 |

### 3. F-96.4 bajo jitter: ganancia de la identidad (sujeto − escena)

| densidad | muestreo | Δ obs | IC 95% |
|---|---|---|---|
| 4,29 fps | regular (=R2−R1, doc 96) | +0,072 | [+0,013, +0,144] (EXCLUYE el 0) |
| 4,23 fps | empírico seed 101 | +0,092 | [+0,000, +0,196] (cruza el 0) |
| 2,52 fps | regular (control nuevo) | +0,117 | [+0,029, +0,219] (EXCLUYE el 0) |
| 2,53 fps | empírico seed 101 | +0,043 | [-0,014, +0,124] (cruza el 0) |

### 3b. Robustez multi-semilla (identidad y efecto del jitter)

| semilla | j7: Δident | j12: Δident | j7−R1 | j12−s12 |
|---|---|---|---|---|
| 101 | +0,092 [+0,000,+0,196] | +0,043 [-0,014,+0,124] | -0,056 [-0,170,+0,046] | +0,030 [-0,061,+0,110] |
| 202 | +0,132 [+0,031,+0,252] | +0,012 [-0,078,+0,097] | -0,108 [-0,229,+0,000] | +0,048 [-0,062,+0,159] |
| 303 | +0,060 [-0,012,+0,162] | +0,042 [-0,013,+0,122] | -0,048 [-0,113,+0,011] | -0,030 [-0,108,+0,023] |

### t_alert entre supervivientes comunes (j7 vs R1)

21 clips con matched igual y >0: R1 4,659 ms vs j7 4,670 ms (Δ +11 ms)

### Tracks (fragmentación de identidad)

R2 (regular s7): 103 tracks en 34 clips
j7 subj: 97 tracks en 34 clips
j12 subj: 99 tracks en 34 clips

-> /home/simonll4/projects/docs/operacion/datos/101-decimado-empirico-contraste.json
