=== stride 26 (~1.15 fps equivalentes) — 34 clips ===
[1/34] a_p1_c02 ...
    OK en 12.6s (44 frames de 1123) -> eval_a_p1_c02.json   [1 listos, 0 min]
[2/34] a_p1_c03 ...
    OK en 8.7s (24 frames de 618) -> eval_a_p1_c03.json   [2 listos, 0 min]
[3/34] a_p1_c04 ...
    OK en 10.6s (36 frames de 920) -> eval_a_p1_c04.json   [3 listos, 1 min]
[4/34] a_p1_c05 ...
    OK en 6.6s (25 frames de 650) -> eval_a_p1_c05.json   [4 listos, 1 min]
[5/34] a_p1_c06 ...
    OK en 8.5s (30 frames de 755) -> eval_a_p1_c06.json   [5 listos, 1 min]
[6/34] a_p1_c07 ...
    OK en 7.0s (24 frames de 615) -> eval_a_p1_c07.json   [6 listos, 1 min]
[7/34] a_p1_c08 ...
    OK en 8.6s (28 frames de 709) -> eval_a_p1_c08.json   [7 listos, 1 min]
[8/34] a_p1_c09 ...
    OK en 8.6s (28 frames de 722) -> eval_a_p1_c09.json   [8 listos, 1 min]
[9/34] a_p1_c10 ...
    OK en 8.6s (34 frames de 859) -> eval_a_p1_c10.json   [9 listos, 1 min]
[10/34] a_p1_c11 ...
    OK en 8.5s (30 frames de 778) -> eval_a_p1_c11.json   [10 listos, 1 min]
[11/34] a_p1_c12 ...
    OK en 8.6s (29 frames de 752) -> eval_a_p1_c12.json   [11 listos, 2 min]
[12/34] a_p2_c01 ...
    OK en 12.6s (43 frames de 1093) -> eval_a_p2_c01.json   [12 listos, 2 min]
[13/34] a_p2_c02 ...
    OK en 12.6s (45 frames de 1145) -> eval_a_p2_c02.json   [13 listos, 2 min]
[14/34] a_p2_c03 ...
    OK en 12.6s (44 frames de 1125) -> eval_a_p2_c03.json   [14 listos, 2 min]
[15/34] a_p2_c04 ...
    OK en 12.6s (49 frames de 1270) -> eval_a_p2_c04.json   [15 listos, 2 min]
[16/34] a_p2_c05 ...
    OK en 12.6s (46 frames de 1184) -> eval_a_p2_c05.json   [16 listos, 3 min]
[17/34] a_p3_c01 ...
    OK en 6.6s (22 frames de 552) -> eval_a_p3_c01.json   [17 listos, 3 min]
[18/34] a_p3_c02 ...
    OK en 6.5s (22 frames de 555) -> eval_a_p3_c02.json   [18 listos, 3 min]
[19/34] a_p4_c01 ...
    OK en 10.6s (35 frames de 892) -> eval_a_p4_c01.json   [19 listos, 3 min]
[20/34] a_p4_c02 ...
    OK en 10.6s (37 frames de 950) -> eval_a_p4_c02.json   [20 listos, 3 min]
[21/34] a_p5_c01 ...
    OK en 12.6s (46 frames de 1175) -> eval_a_p5_c01.json   [21 listos, 3 min]
[22/34] a_p5_c02 ...
    OK en 14.6s (61 frames de 1583) -> eval_a_p5_c02.json   [22 listos, 4 min]
[23/34] a_p6_c01 ...
    OK en 12.5s (50 frames de 1296) -> eval_a_p6_c01.json   [23 listos, 4 min]
[24/34] a_p6_c02 ...
    OK en 14.5s (66 frames de 1695) -> eval_a_p6_c02.json   [24 listos, 4 min]
[25/34] a_p7_c01 ...
    OK en 10.5s (42 frames de 1085) -> eval_a_p7_c01.json   [25 listos, 4 min]
[26/34] a_p7_c02 ...
    OK en 10.6s (39 frames de 1013) -> eval_a_p7_c02.json   [26 listos, 4 min]
[27/34] a_p7_c03 ...
    OK en 10.5s (38 frames de 976) -> eval_a_p7_c03.json   [27 listos, 5 min]
[28/34] a_p7_c04 ...
    OK en 8.5s (38 frames de 984) -> eval_a_p7_c04.json   [28 listos, 5 min]
[29/34] a_p8_c01 ...
    OK en 12.5s (55 frames de 1415) -> eval_a_p8_c01.json   [29 listos, 5 min]
[30/34] a_p9_c01 ...
    OK en 8.5s (31 frames de 798) -> eval_a_p9_c01.json   [30 listos, 5 min]
[31/34] a_p9_c02 ...
    OK en 8.5s (30 frames de 770) -> eval_a_p9_c02.json   [31 listos, 5 min]
[32/34] a_p9_c03 ...
    OK en 8.5s (28 frames de 707) -> eval_a_p9_c03.json   [32 listos, 5 min]
[33/34] a_p9_c06 ...
    OK en 8.5s (29 frames de 737) -> eval_a_p9_c06.json   [33 listos, 6 min]
[34/34] a_p9_c08 ...
    OK en 6.5s (27 frames de 681) -> eval_a_p9_c08.json   [34 listos, 6 min]

34/34 clips OK en 5.7 min
-> /home/simonll4/projects/docs/operacion/datos/96-rt-stride26/resultados.json
