=== stride 7 (~4.29 fps equivalentes) — 34 clips ===
[1/34] a_p1_c02 ...
    OK en 30.7s (161 frames de 1123) -> eval_a_p1_c02.json   [1 listos, 1 min]
[2/34] a_p1_c03 ...
    OK en 16.6s (89 frames de 618) -> eval_a_p1_c03.json   [2 listos, 1 min]
[3/34] a_p1_c04 ...
    OK en 24.6s (132 frames de 920) -> eval_a_p1_c04.json   [3 listos, 1 min]
[4/34] a_p1_c05 ...
    OK en 18.6s (93 frames de 650) -> eval_a_p1_c05.json   [4 listos, 2 min]
[5/34] a_p1_c06 ...
    OK en 20.7s (108 frames de 755) -> eval_a_p1_c06.json   [5 listos, 2 min]
[6/34] a_p1_c07 ...
    OK en 18.6s (88 frames de 615) -> eval_a_p1_c07.json   [6 listos, 2 min]
[7/34] a_p1_c08 ...
    OK en 18.5s (102 frames de 709) -> eval_a_p1_c08.json   [7 listos, 2 min]
[8/34] a_p1_c09 ...
    OK en 20.6s (104 frames de 722) -> eval_a_p1_c09.json   [8 listos, 3 min]
[9/34] a_p1_c10 ...
    OK en 24.6s (123 frames de 859) -> eval_a_p1_c10.json   [9 listos, 3 min]
[10/34] a_p1_c11 ...
    OK en 20.6s (112 frames de 778) -> eval_a_p1_c11.json   [10 listos, 4 min]
[11/34] a_p1_c12 ...
    OK en 20.6s (108 frames de 752) -> eval_a_p1_c12.json   [11 listos, 4 min]
[12/34] a_p2_c01 ...
    OK en 30.8s (157 frames de 1093) -> eval_a_p2_c01.json   [12 listos, 4 min]
[13/34] a_p2_c02 ...
    OK en 30.8s (164 frames de 1145) -> eval_a_p2_c02.json   [13 listos, 5 min]
[14/34] a_p2_c03 ...
    OK en 30.6s (161 frames de 1125) -> eval_a_p2_c03.json   [14 listos, 5 min]
[15/34] a_p2_c04 ...
    OK en 32.6s (182 frames de 1270) -> eval_a_p2_c04.json   [15 listos, 6 min]
[16/34] a_p2_c05 ...
    OK en 30.7s (170 frames de 1184) -> eval_a_p2_c05.json   [16 listos, 7 min]
[17/34] a_p3_c01 ...
    OK en 16.6s (79 frames de 552) -> eval_a_p3_c01.json   [17 listos, 7 min]
[18/34] a_p3_c02 ...
    OK en 14.6s (80 frames de 555) -> eval_a_p3_c02.json   [18 listos, 7 min]
[19/34] a_p4_c01 ...
    OK en 22.6s (128 frames de 892) -> eval_a_p4_c01.json   [19 listos, 7 min]
[20/34] a_p4_c02 ...
    OK en 22.6s (136 frames de 950) -> eval_a_p4_c02.json   [20 listos, 8 min]
[21/34] a_p5_c01 ...
    OK en 28.6s (168 frames de 1175) -> eval_a_p5_c01.json   [21 listos, 8 min]
[22/34] a_p5_c02 ...
    OK en 38.7s (227 frames de 1583) -> eval_a_p5_c02.json   [22 listos, 9 min]
[23/34] a_p6_c01 ...
    OK en 30.6s (186 frames de 1296) -> eval_a_p6_c01.json   [23 listos, 9 min]
[24/34] a_p6_c02 ...
    OK en 40.8s (243 frames de 1695) -> eval_a_p6_c02.json   [24 listos, 10 min]
[25/34] a_p7_c01 ...
    OK en 26.7s (155 frames de 1085) -> eval_a_p7_c01.json   [25 listos, 11 min]
[26/34] a_p7_c02 ...
    OK en 24.6s (145 frames de 1013) -> eval_a_p7_c02.json   [26 listos, 11 min]
[27/34] a_p7_c03 ...
    OK en 24.6s (140 frames de 976) -> eval_a_p7_c03.json   [27 listos, 11 min]
[28/34] a_p7_c04 ...
    OK en 24.6s (141 frames de 984) -> eval_a_p7_c04.json   [28 listos, 12 min]
[29/34] a_p8_c01 ...
    OK en 34.6s (203 frames de 1415) -> eval_a_p8_c01.json   [29 listos, 12 min]
[30/34] a_p9_c01 ...
    OK en 18.6s (114 frames de 798) -> eval_a_p9_c01.json   [30 listos, 13 min]
[31/34] a_p9_c02 ...
    OK en 18.6s (110 frames de 770) -> eval_a_p9_c02.json   [31 listos, 13 min]
[32/34] a_p9_c03 ...
    OK en 18.6s (101 frames de 707) -> eval_a_p9_c03.json   [32 listos, 13 min]
[33/34] a_p9_c06 ...
    OK en 18.6s (106 frames de 737) -> eval_a_p9_c06.json   [33 listos, 14 min]
[34/34] a_p9_c08 ...
    OK en 16.6s (98 frames de 681) -> eval_a_p9_c08.json   [34 listos, 14 min]

34/34 clips OK en 13.9 min
-> /home/simonll4/projects/docs/operacion/datos/96-rt-stride7/resultados.json
